// Jest Snapshot v1, https://goo.gl/fbAQLP

exports[`test function sum 1`] = `
{
  "value": 3,
}
`;
